// Jest Snapshot v1, https://goo.gl/fbAQLP

exports[`confirmation page renders as expected 1`] = `
<div
  class="MuiBox-root css-1jpcp03"
>
  <div
    class="MuiPaper-root MuiPaper-elevation MuiPaper-rounded MuiPaper-elevation1 MuiCard-root css-1vfmm4m-MuiPaper-root-MuiCard-root"
  >
    <div
      class="MuiCardContent-root css-jewu2s-MuiCardContent-root"
    >
      <h5
        class="MuiTypography-root MuiTypography-h5 MuiTypography-gutterBottom css-9vlyci-MuiTypography-root"
      >
        Confirmation
      </h5>
      <div
        aria-readonly="true"
        class="MuiFormControl-root MuiTextField-root css-1u3bzj6-MuiFormControl-root-MuiTextField-root"
      >
        <label
          class="MuiInputLabel-root MuiInputLabel-formControl MuiInputLabel-animated MuiInputLabel-outlined MuiFormLabel-root MuiFormLabel-colorPrimary Mui-disabled Mui-error css-zq33gc-MuiFormLabel-root-MuiInputLabel-root"
          data-shrink="false"
          for="first-name-confirmation-field"
          id="first-name-confirmation-field-label"
        >
          First Name
        </label>
        <div
          class="MuiOutlinedInput-root MuiInputBase-root MuiInputBase-colorPrimary Mui-disabled Mui-error MuiInputBase-formControl css-1kka5ew-MuiInputBase-root-MuiOutlinedInput-root"
        >
          <input
            aria-invalid="true"
            class="MuiOutlinedInput-input MuiInputBase-input Mui-disabled css-1t8l2tu-MuiInputBase-input-MuiOutlinedInput-input"
            disabled=""
            id="first-name-confirmation-field"
            type="text"
            value=""
          />
          <fieldset
            aria-hidden="true"
            class="MuiOutlinedInput-notchedOutline css-1d3z3hw-MuiOutlinedInput-notchedOutline"
          >
            <legend
              class="css-1ftyaf0"
            >
              <span>
                First Name
              </span>
            </legend>
          </fieldset>
        </div>
      </div>
      <div
        aria-readonly="true"
        class="MuiFormControl-root MuiTextField-root css-1u3bzj6-MuiFormControl-root-MuiTextField-root"
      >
        <label
          class="MuiInputLabel-root MuiInputLabel-formControl MuiInputLabel-animated MuiInputLabel-outlined MuiFormLabel-root MuiFormLabel-colorPrimary Mui-disabled Mui-error css-zq33gc-MuiFormLabel-root-MuiInputLabel-root"
          data-shrink="false"
          for="email-confirmation-field"
          id="email-confirmation-field-label"
        >
          Email
        </label>
        <div
          class="MuiOutlinedInput-root MuiInputBase-root MuiInputBase-colorPrimary Mui-disabled Mui-error MuiInputBase-formControl css-1kka5ew-MuiInputBase-root-MuiOutlinedInput-root"
        >
          <input
            aria-invalid="true"
            class="MuiOutlinedInput-input MuiInputBase-input Mui-disabled css-1t8l2tu-MuiInputBase-input-MuiOutlinedInput-input"
            disabled=""
            id="email-confirmation-field"
            type="email"
            value=""
          />
          <fieldset
            aria-hidden="true"
            class="MuiOutlinedInput-notchedOutline css-1d3z3hw-MuiOutlinedInput-notchedOutline"
          >
            <legend
              class="css-1ftyaf0"
            >
              <span>
                Email
              </span>
            </legend>
          </fieldset>
        </div>
      </div>
      <div
        aria-readonly="true"
        class="MuiFormControl-root MuiTextField-root css-1u3bzj6-MuiFormControl-root-MuiTextField-root"
      >
        <label
          class="MuiInputLabel-root MuiInputLabel-formControl MuiInputLabel-animated MuiInputLabel-outlined MuiFormLabel-root MuiFormLabel-colorPrimary Mui-disabled Mui-error css-zq33gc-MuiFormLabel-root-MuiInputLabel-root"
          data-shrink="false"
          for="favorite-color-confirmation-field"
          id="favorite-color-confirmation-field-label"
        >
          Favorite Color
        </label>
        <div
          class="MuiOutlinedInput-root MuiInputBase-root MuiInputBase-colorPrimary Mui-disabled Mui-error MuiInputBase-formControl css-1kka5ew-MuiInputBase-root-MuiOutlinedInput-root"
        >
          <input
            aria-invalid="true"
            class="MuiOutlinedInput-input MuiInputBase-input Mui-disabled css-1t8l2tu-MuiInputBase-input-MuiOutlinedInput-input"
            disabled=""
            id="favorite-color-confirmation-field"
            type="text"
            value=""
          />
          <fieldset
            aria-hidden="true"
            class="MuiOutlinedInput-notchedOutline css-1d3z3hw-MuiOutlinedInput-notchedOutline"
          >
            <legend
              class="css-1ftyaf0"
            >
              <span>
                Favorite Color
              </span>
            </legend>
          </fieldset>
        </div>
      </div>
      <div
        class="MuiBox-root css-u4p24i"
      >
        <svg
          aria-hidden="true"
          class="MuiSvgIcon-root MuiSvgIcon-colorError MuiSvgIcon-fontSizeMedium css-1esn0is-MuiSvgIcon-root"
          data-testid="ErrorIcon"
          focusable="false"
          viewBox="0 0 24 24"
        >
          <path
            d="M12 2C6.48 2 2 6.48 2 12s4.48 10 10 10 10-4.48 10-10S17.52 2 12 2zm1 15h-2v-2h2v2zm0-4h-2V7h2v6z"
          />
        </svg>
        <label
          class="MuiFormControlLabel-root Mui-disabled MuiFormControlLabel-labelPlacementEnd css-j204z7-MuiFormControlLabel-root"
        >
          <span
            aria-disabled="true"
            class="MuiCheckbox-root MuiCheckbox-colorPrimary MuiButtonBase-root Mui-disabled MuiCheckbox-root MuiCheckbox-colorPrimary PrivateSwitchBase-root Mui-disabled css-1uxrgnw-MuiButtonBase-root-MuiCheckbox-root"
            tabindex="-1"
          >
            <input
              class="PrivateSwitchBase-input css-1m9pwf3"
              data-indeterminate="false"
              disabled=""
              type="checkbox"
            />
            <svg
              aria-hidden="true"
              class="MuiSvgIcon-root MuiSvgIcon-fontSizeMedium css-i4bv87-MuiSvgIcon-root"
              data-testid="CheckBoxOutlineBlankIcon"
              focusable="false"
              viewBox="0 0 24 24"
            >
              <path
                d="M19 5v14H5V5h14m0-2H5c-1.1 0-2 .9-2 2v14c0 1.1.9 2 2 2h14c1.1 0 2-.9 2-2V5c0-1.1-.9-2-2-2z"
              />
            </svg>
          </span>
          <span
            class="MuiTypography-root MuiTypography-body1 MuiFormControlLabel-label Mui-disabled css-ahj2mt-MuiTypography-root"
          >
            <div
              class="MuiBox-root css-u4p24i"
            >
              <p
                class="MuiTypography-root MuiTypography-body1 css-ahj2mt-MuiTypography-root"
              >
                I Agree to Terms & Conditions
              </p>
            </div>
          </span>
        </label>
      </div>
    </div>
    <div
      class="MuiCardActions-root MuiCardActions-spacing css-1lljpoj-MuiCardActions-root"
    >
      <a
        class="MuiButton-root MuiButton-outlined MuiButton-outlinedSecondary MuiButton-sizeMedium MuiButton-outlinedSizeMedium MuiButtonBase-root  css-1ebchz5-MuiButtonBase-root-MuiButton-root"
        href="/more-info"
        tabindex="0"
      >
        Back
        <span
          class="MuiTouchRipple-root css-8je8zh-MuiTouchRipple-root"
        />
      </a>
      <button
        class="MuiButton-root MuiButton-contained MuiButton-containedPrimary MuiButton-sizeMedium MuiButton-containedSizeMedium MuiButtonBase-root Mui-disabled  css-1ppzino-MuiButtonBase-root-MuiButton-root"
        disabled=""
        tabindex="-1"
        type="submit"
      >
        Submit
      </button>
    </div>
  </div>
</div>
`;
