// Jest Snapshot v1, https://goo.gl/fbAQLP

exports[`Confirmation renders as expected 1`] = `
<mocked-mui-box
  sx="{\\"width\\":\\"100%\\",\\"height\\":\\"100%\\",\\"display\\":\\"flex\\",\\"justifyContent\\":\\"center\\",\\"alignItems\\":\\"center\\"}"
>
  <mocked-mui-card
    sx="{\\"width\\":400,\\"height\\":\\"unset\\",\\"display\\":\\"flex\\",\\"flexDirection\\":\\"column\\",\\"justifyContent\\":\\"center\\"}"
  >
    <mocked-mui-card-content
      sx="{\\"display\\":\\"flex\\",\\"flexDirection\\":\\"column\\",\\"alignItems\\":\\"stretch\\",\\"justifyContent\\":\\"start\\",\\"gap\\":1,\\"flex\\":1}"
    >
      <mocked-mui-typography
        color="text.primary"
        gutterbottom="true"
        sx="{\\"textAlign\\":\\"center\\",\\"fontWeight\\":\\"bold\\"}"
        variant="h5"
      >
        Confirmation
      </mocked-mui-typography>
      <mocked-mui-text-field
        aria-readonly="true"
        disabled="true"
        error="true"
        id="first-name-confirmation-field"
        label="First Name"
        type="text"
        variant="outlined"
      />
      <mocked-mui-text-field
        aria-readonly="true"
        disabled="true"
        error="true"
        id="email-confirmation-field"
        label="Email"
        type="email"
        variant="outlined"
      />
      <mocked-mui-text-field
        aria-readonly="true"
        disabled="true"
        error="true"
        id="favorite-color-confirmation-field"
        label="Favorite Color"
        type="text"
        variant="outlined"
      />
      <mocked-mui-box
        sx="{\\"display\\":\\"flex\\",\\"flexDirection\\":\\"row\\",\\"alignItems\\":\\"center\\"}"
      >
        <svg
          aria-hidden="true"
          class="MuiSvgIcon-root MuiSvgIcon-colorError MuiSvgIcon-fontSizeMedium css-1esn0is-MuiSvgIcon-root"
          data-testid="ErrorIcon"
          focusable="false"
          viewBox="0 0 24 24"
        >
          <path
            d="M12 2C6.48 2 2 6.48 2 12s4.48 10 10 10 10-4.48 10-10S17.52 2 12 2zm1 15h-2v-2h2v2zm0-4h-2V7h2v6z"
          />
        </svg>
        <label
          class="MuiFormControlLabel-root Mui-disabled MuiFormControlLabel-labelPlacementEnd css-j204z7-MuiFormControlLabel-root"
        >
          <span
            aria-disabled="true"
            class="MuiCheckbox-root MuiCheckbox-colorPrimary MuiButtonBase-root Mui-disabled MuiCheckbox-root MuiCheckbox-colorPrimary PrivateSwitchBase-root Mui-disabled css-1uxrgnw-MuiButtonBase-root-MuiCheckbox-root"
            tabindex="-1"
          >
            <input
              class="PrivateSwitchBase-input css-1m9pwf3"
              data-indeterminate="false"
              disabled=""
              type="checkbox"
            />
            <svg
              aria-hidden="true"
              class="MuiSvgIcon-root MuiSvgIcon-fontSizeMedium css-i4bv87-MuiSvgIcon-root"
              data-testid="CheckBoxOutlineBlankIcon"
              focusable="false"
              viewBox="0 0 24 24"
            >
              <path
                d="M19 5v14H5V5h14m0-2H5c-1.1 0-2 .9-2 2v14c0 1.1.9 2 2 2h14c1.1 0 2-.9 2-2V5c0-1.1-.9-2-2-2z"
              />
            </svg>
          </span>
          <span
            class="MuiTypography-root MuiTypography-body1 MuiFormControlLabel-label Mui-disabled css-ahj2mt-MuiTypography-root"
          >
            <mocked-mui-box
              sx="{\\"display\\":\\"flex\\",\\"flexDirection\\":\\"row\\",\\"alignItems\\":\\"center\\"}"
            >
              <mocked-mui-typography>
                I Agree to the
                 
                Terms & Conditions
              </mocked-mui-typography>
            </mocked-mui-box>
          </span>
        </label>
      </mocked-mui-box>
    </mocked-mui-card-content>
    <mocked-mui-card-actions
      sx="{\\"display\\":\\"flex\\",\\"flexDirection\\":\\"row\\",\\"justifyContent\\":\\"end\\",\\"gap\\":1}"
    >
      <mocked-mui-button
        color="secondary"
        component="[object Object]"
        to="/more-info"
        variant="outlined"
      >
        Back
      </mocked-mui-button>
      <mocked-mui-button
        disabled="true"
        type="submit"
        variant="contained"
      >
        Submit
      </mocked-mui-button>
    </mocked-mui-card-actions>
  </mocked-mui-card>
</mocked-mui-box>
`;
