// Jest Snapshot v1, https://goo.gl/fbAQLP

exports[`SignUp renders as expected 1`] = `
<form
  style="height: 100%; width: 100%;"
>
  <mocked-mui-box
    sx="{\\"width\\":\\"100%\\",\\"height\\":\\"100%\\",\\"display\\":\\"flex\\",\\"justifyContent\\":\\"center\\",\\"alignItems\\":\\"center\\"}"
  >
    <mocked-mui-card
      sx="{\\"width\\":400,\\"height\\":\\"unset\\",\\"display\\":\\"flex\\",\\"flexDirection\\":\\"column\\",\\"justifyContent\\":\\"center\\"}"
    >
      <mocked-mui-card-content
        sx="{\\"display\\":\\"flex\\",\\"flexDirection\\":\\"column\\",\\"alignItems\\":\\"stretch\\",\\"justifyContent\\":\\"start\\",\\"gap\\":1,\\"flex\\":1}"
      >
        <mocked-mui-typography
          color="text.primary"
          gutterbottom="true"
          sx="{\\"textAlign\\":\\"center\\",\\"fontWeight\\":\\"bold\\"}"
          variant="h5"
        >
          Sign Up
        </mocked-mui-typography>
        <mocked-mui-box
          sx="{\\"gap\\":2,\\"display\\":\\"flex\\",\\"flexDirection\\":\\"column\\"}"
        >
          <mocked-mui-text-field
            error="false"
            id="first-name-field"
            label="First Name"
            name="name"
            required="true"
            type="text"
            variant="outlined"
          />
          <mocked-mui-text-field
            error="false"
            id="email-field"
            inputprops="[object Object]"
            label="Email"
            name="email"
            required="true"
            type="email"
            variant="outlined"
          />
          <mocked-mui-text-field
            error="false"
            id="password-field"
            inputprops="[object Object]"
            label="Password"
            name="password"
            required="true"
            type="password"
            variant="outlined"
          />
        </mocked-mui-box>
      </mocked-mui-card-content>
      <mocked-mui-card-actions
        sx="{\\"display\\":\\"flex\\",\\"flexDirection\\":\\"row\\",\\"justifyContent\\":\\"end\\",\\"gap\\":1}"
      >
        <mocked-mui-button
          disabled="true"
          type="submit"
          variant="contained"
        >
          Next
        </mocked-mui-button>
      </mocked-mui-card-actions>
    </mocked-mui-card>
  </mocked-mui-box>
</form>
`;
